// Jest Snapshot v1, https://goo.gl/fbAQLP

exports[`GoogleButton should be rendered Should snapshot GoogleButton 1`] = `ShallowWrapper {}`;
